Command: C:\Espressif\python_env\idf5.5_py3.11_env\Scripts\python.exe C:\Espressif\frameworks\esp-idf-v5.5.1\tools/idf_monitor.py -p COM3 -b 115200 --toolchain-prefix xtensa-esp32-elf- --target esp32 --revision 0 D:\personal\gitHub\findCrow\esp_ble_beacon\build\ble_beacon.elf D:\personal\gitHub\findCrow\esp_ble_beacon\build\bootloader\bootloader.elf --force-color -m 'C:\Espressif\python_env\idf5.5_py3.11_env\Scripts\python.exe' 'C:\Espressif\frameworks\esp-idf-v5.5.1\tools\idf.py'
%ï¿½Speed      : 40MHz
[0;32mI (38) booï¿½ets Jul 29 2019 12:21:46[0m

rst:0x1 (POWERON_RESET),boot:0x13 (SPI_FAST_FLASH_BOOT)
configsip: 0, SPIWP:0xee
clk_drv:0x00,q_drv:0x00,d_drv:0x00,cs0_drv:0x00,hd_drv:0x00,wp_drv:0x00
mode:DIO, clock div:2
load:0x3fff0030,len:6380
ho 0 tail 12 room 4
load:0x40078000,len:15916
load:0x40080400,len:3860
entry 0x40080638
[0;32mI (29) boot: ESP-IDF v5.5.1-dirty 2nd stage bootloader[0m
[0;32mI (29) boot: compile time Dec 27 2025 19:37:22[0m
[0;32mI (29) boot: Multicore bootloader[0m
[0;32mI (31) boot: chip revision: v3.1[0m
[0;32mI (34) boot.esp32: SPI Speed      : 40MHz[0m
[0;32mI (38) boot.esp32: SPI Mode       : DIO[0m
[0;32mI (41) boot.esp32: SPI Flash Size : 2MB[0m
[0;32mI (45) boot: Enabling RNG early entropy source...[0m
[0;32mI (49) boot: Partition Table:[0m
[0;32mI (52) boot: ## Label            Usage          Type ST Offset   Length[0m
[0;32mI (58) boot:  0 nvs              WiFi data        01 02 00009000 00006000[0m
[0;32mI (65) boot:  1 phy_init         RF data          01 01 0000f000 00001000[0m
[0;32mI (71) boot:  2 factory          factory app      00 00 00010000 00100000[0m
[0;32mI (78) boot: End of partition table[0m
[0;32mI (81) esp_image: segment 0: paddr=00010020 vaddr=3f400020 size=10a74h ( 68212) map[0m
[0;32mI (112) esp_image: segment 1: paddr=00020a9c vaddr=3ffbdb60 size=04908h ( 18696) load[0m
[0;32mI (119) esp_image: segment 2: paddr=000253ac vaddr=40080000 size=0ac6ch ( 44140) load[0m
[0;32mI (136) esp_image: segment 3: paddr=00030020 vaddr=400d0020 size=522d0h (336592) map[0m
[0;32mI (252) esp_image: segment 4: paddr=000822f8 vaddr=4008ac6c size=0cf0ch ( 53004) load[0m
[0;32mI (273) esp_image: segment 5: paddr=0008f20c vaddr=50000000 size=00020h (    32) load[0m
[0;32mI (284) boot: Loaded app from partition at offset 0x10000[0m
[0;32mI (285) boot: Disabling RNG early entropy source...[0m
[0;32mI (295) cpu_start: Multicore app[0m
[0;32mI (303) cpu_start: Pro cpu start user code[0m
[0;32mI (304) cpu_start: cpu freq: 160000000 Hz[0m
[0;32mI (304) app_init: Application information:[0m
[0;32mI (304) app_init: Project name:     ble_beacon[0m
[0;32mI (308) app_init: App version:      4019f4e-dirty[0m
[0;32mI (312) app_init: Compile time:     Dec 27 2025 20:59:46[0m
[0;32mI (317) app_init: ELF file SHA256:  6015d6f83...[0m
[0;32mI (322) app_init: ESP-IDF:          v5.5.1-dirty[0m
[0;32mI (326) efuse_init: Min chip rev:     v0.0[0m
[0;32mI (330) efuse_init: Max chip rev:     v3.99 [0m
[0;32mI (334) efuse_init: Chip rev:         v3.1[0m
[0;32mI (338) heap_init: Initializing. RAM available for dynamic allocation:[0m
[0;32mI (344) heap_init: At 3FFAFF10 len 000000F0 (0 KiB): DRAM[0m
[0;32mI (349) heap_init: At 3FFB6388 len 00001C78 (7 KiB): DRAM[0m
[0;32mI (354) heap_init: At 3FFB9A20 len 00004108 (16 KiB): DRAM[0m
[0;32mI (359) heap_init: At 3FFC5348 len 0001ACB8 (107 KiB): DRAM[0m
[0;32mI (365) heap_init: At 3FFE0440 len 00003AE0 (14 KiB): D/IRAM[0m
[0;32mI (370) heap_init: At 3FFE4350 len 0001BCB0 (111 KiB): D/IRAM[0m
[0;32mI (375) heap_init: At 40097B78 len 00008488 (33 KiB): IRAM[0m
[0;33mW (382) spi_flash: Detected boya flash chip but using generic driver. For optimal functionality, enable `SPI_FLASH_SUPPORT_BOYA_CHIP` in menuconfig[0m
[0;32mI (394) spi_flash: detected chip: generic[0m
[0;32mI (397) spi_flash: flash io: dio[0m
[0;33mW (400) spi_flash: Detected size(4096k) larger than the size in the binary image header(2048k). Using the size in the binary image header.[0m
[0;32mI (413) coexist: coex firmware version: b0bcc39[0m
[0;32mI (418) main_task: Started on CPU0[0m
[0;32mI (428) main_task: Calling app_main()[0m
[0;32mI (428) APP: Starting....[0m
[0;32mI (448) BTDM_INIT: BT controller compile version [722c907][0m
[0;32mI (448) BTDM_INIT: Using main XTAL as clock source[0m
[0;32mI (448) BTDM_INIT: Bluetooth MAC: 20:43:a8:69:dd:9e[0m
[0;32mI (458) phy_init: phy_version 4861,b71b5ad,Aug  5 2025,11:16:06[0m
[0;33mW (458) phy_init: failed to load RF calibration data (0xffffffff), falling back to full calibration[0m
[0;32mI (538) phy_init: Saving new calibration data due to checksum failure or outdated calibration data, mode(2)[0m
[0;32mI (798) APP: starting GAP services initialization[0m
[0;32mI (798) APP: completed GAP service initialization[0m
[0;32mI (798) APP: config nimble host[0m
[0;32mI (798) APP: nimble host task started[0m
[0;32mI (808) main_task: Returned from app_main()[0m
ets Jul 29 2019 12:21:46

rst:0x1 (POWERON_RESET),boot:0x13 (SPI_FAST_FLASH_BOOT)
configsip: 0, SPIWP:0xee
clk_drv:0x00,q_drv:0x00,d_drv:0x00,cs0_drv:0x00,hd_drv:0x00,wp_drv:0x00
mode:DIO, clock div:2
load:0x3fff0030,len:6380
ho 0 tail 12 room 4
load:0x40078000,len:15916
load:0x40080400,len:3860
entry 0x40080638
[0;32mI (29) boot: ESP-IDF v5.5.1-dirty 2nd stage bootloader[0m
[0;32mI (29) boot: compile time Dec 27 2025 19:37:22[0m
[0;32mI (29) boot: Multicore bootloader[0m
[0;32mI (31) boot: chip revision: v3.1[0m
[0;32mI (34) boot.esp32: SPI Speed      : 40MHz[0m
[0;32mI (38) boot.esp32: SPI Mode       : DIO[0m
[0;32mI (41) boot.esp32: SPI Flash Size : 2MB[0m
[0;32mI (45) boot: Enabling RNG early entropy source...[0m
[0;32mI (49) boot: Partition Table:[0m
[0;32mI (52) boot: ## Label            Usage          Type ST Offset   Length[0m
[0;32mI (58) boot:  0 nvs              WiFi data        01 02 00009000 00006000[0m
[0;32mI (65) boot:  1 phy_init         RF data          01 01 0000f000 00001000[0m
[0;32mI (71) boot:  2 factory          factory app      00 00 00010000 00100000[0m
[0;32mI (78) boot: End of partition table[0m
[0;32mI (81) esp_image: segment 0: paddr=00010020 vaddr=3f400020 size=10a74h ( 68212) map[0m
[0;32mI (112) esp_image: segment 1: paddr=00020a9c vaddr=3ffbdb60 size=04908h ( 18696) load[0m
[0;32mI (119) esp_image: segment 2: paddr=000253ac vaddr=40080000 size=0ac6ch ( 44140) load[0m
[0;32mI (136) esp_image: segment 3: paddr=00030020 vaddr=400d0020 size=522d0h (336592) map[0m
[0;32mI (252) esp_image: segment 4: paddr=000822f8 vaddr=4008ac6c size=0cf0ch ( 53004) load[0m
[0;32mI (273) esp_image: segment 5: paddr=0008f20c vaddr=50000000 size=00020h (    32) load[0m
[0;32mI (284) boot: Loaded app from partition at offset 0x10000[0m
[0;32mI (285) boot: Disabling RNG early entropy source...[0m
[0;32mI (295) cpu_start: Multicore app[0m
[0;32mI (303) cpu_start: Pro cpu start user code[0m
[0;32mI (304) cpu_start: cpu freq: 160000000 Hz[0m
[0;32mI (304) app_init: Application information:[0m
[0;32mI (304) app_init: Project name:     ble_beacon[0m
[0;32mI (308) app_init: App version:      4019f4e-dirty[0m
[0;32mI (312) app_init: Compile time:     Dec 27 2025 20:59:46[0m
[0;32mI (317) app_init: ELF file SHA256:  6015d6f83...[0m
[0;32mI (322) app_init: ESP-IDF:          v5.5.1-dirty[0m
[0;32mI (326) efuse_init: Min chip rev:     v0.0[0m
[0;32mI (330) efuse_init: Max chip rev:     v3.99 [0m
[0;32mI (334) efuse_init: Chip rev:         v3.1[0m
[0;32mI (338) heap_init: Initializing. RAM available for dynamic allocation:[0m
[0;32mI (344) heap_init: At 3FFAFF10 len 000000F0 (0 KiB): DRAM[0m
[0;32mI (349) heap_init: At 3FFB6388 len 00001C78 (7 KiB): DRAM[0m
[0;32mI (354) heap_init: At 3FFB9A20 len 00004108 (16 KiB): DRAM[0m
[0;32mI (359) heap_init: At 3FFC5348 len 0001ACB8 (107 KiB): DRAM[0m
[0;32mI (365) heap_init: At 3FFE0440 len 00003AE0 (14 KiB): D/IRAM[0m
[0;32mI (370) heap_init: At 3FFE4350 len 0001BCB0 (111 KiB): D/IRAM[0m
[0;32mI (375) heap_init: At 40097B78 len 00008488 (33 KiB): IRAM[0m
[0;33mW (382) spi_flash: Detected boya flash chip but using generic driver. For optimal functionality, enable `SPI_FLASH_SUPPORT_BOYA_CHIP` in menuconfig[0m
[0;32mI (394) spi_flash: detected chip: generic[0m
[0;32mI (397) spi_flash: flash io: dio[0m
[0;33mW (400) spi_flash: Detected size(4096k) larger than the size in the binary image header(2048k). Using the size in the binary image header.[0m
[0;32mI (413) coexist: coex firmware version: b0bcc39[0m
[0;32mI (418) main_task: Started on CPU0[0m
[0;32mI (428) main_task: Calling app_main()[0m
[0;32mI (428) APP: Starting....[0m
[0;32mI (448) BTDM_INIT: BT controller compile version [722c907][0m
[0;32mI (448) BTDM_INIT: Using main XTAL as clock source[0m
[0;32mI (448) BTDM_INIT: Bluetooth MAC: 20:43:a8:69:dd:9e[0m
[0;32mI (448) phy_init: phy_version 4861,b71b5ad,Aug  5 2025,11:16:06[0m
[0;32mI (538) phy_init: Saving new calibration data due to checksum failure or outdated calibration data, mode(0)[0m
[0;32mI (798) APP: starting GAP services initialization[0m
[0;32mI (798) APP: completed GAP service initialization[0m
[0;32mI (798) APP: config nimble host[0m
[0;32mI (798) APP: nimble host task started[0m
[0;32mI (808) main_task: Returned from app_main()[0m
ets Jul 29 2019 12:21:46

rst:0x1 (POWERON_RESET),boot:0x13 (SPI_FAST_FLASH_BOOT)
configsip: 0, SPIWP:0xee
clk_drv:0x00,q_drv:0x00,d_drv:0x00,cs0_drv:0x00,hd_drv:0x00,wp_drv:0x00
mode:DIO, clock div:2
load:0x3fff0030,len:6380
ho 0 tail 12 room 4
load:0x40078000,len:15916
load:0x40080400,len:3860
entry 0x40080638
[0;32mI (29) boot: ESP-IDF v5.5.1-dirty 2nd stage bootloader[0m
[0;32mI (29) boot: compile time Dec 27 2025 19:37:22[0m
[0;32mI (29) boot: Multicore bootloader[0m
[0;32mI (31) boot: chip revision: v3.1[0m
[0;32mI (34) boot.esp32: SPI Speed      : 40MHz[0m
[0;32mI (38) boot.esp32: SPI Mode       : DIO[0m
[0;32mI (41) boot.esp32: SPI Flash Size : 2MB[0m
[0;32mI (45) boot: Enabling RNG early entropy source...[0m
[0;32mI (49) boot: Partition Table:[0m
[0;32mI (52) boot: ## Label            Usage          Type ST Offset   Length[0m
[0;32mI (58) boot:  0 nvs              WiFi data        01 02 00009000 00006000[0m
[0;32mI (65) boot:  1 phy_init         RF data          01 01 0000f000 00001000[0m
[0;32mI (71) boot:  2 factory          factory app      00 00 00010000 00100000[0m
[0;32mI (78) boot: End of partition table[0m
[0;32mI (81) esp_image: segment 0: paddr=00010020 vaddr=3f400020 size=10a74h ( 68212) map[0m
[0;32mI (112) esp_image: segment 1: paddr=00020a9c vaddr=3ffbdb60 size=04908h ( 18696) load[0m
[0;32mI (119) esp_image: segment 2: paddr=000253ac vaddr=40080000 size=0ac6ch ( 44140) load[0m
[0;32mI (136) esp_image: segment 3: paddr=00030020 vaddr=400d0020 size=522d0h (336592) map[0m
[0;32mI (252) esp_image: segment 4: paddr=000822f8 vaddr=4008ac6c size=0cf0ch ( 53004) load[0m
[0;32mI (273) esp_image: segment 5: paddr=0008f20c vaddr=50000000 size=00020h (    32) load[0m
[0;32mI (284) boot: Loaded app from partition at offset 0x10000[0m
[0;32mI (285) boot: Disabling RNG early entropy source...[0m
[0;32mI (295) cpu_start: Multicore app[0m
[0;32mI (303) cpu_start: Pro cpu start user code[0m
[0;32mI (304) cpu_start: cpu freq: 160000000 Hz[0m
[0;32mI (304) app_init: Application information:[0m
[0;32mI (304) app_init: Project name:     ble_beacon[0m
[0;32mI (308) app_init: App version:      4019f4e-dirty[0m
[0;32mI (312) app_init: Compile time:     Dec 27 2025 20:59:46[0m
[0;32mI (317) app_init: ELF file SHA256:  6015d6f83...[0m
[0;32mI (322) app_init: ESP-IDF:          v5.5.1-dirty[0m
[0;32mI (326) efuse_init: Min chip rev:     v0.0[0m
[0;32mI (330) efuse_init: Max chip rev:     v3.99 [0m
[0;32mI (334) efuse_init: Chip rev:         v3.1[0m
[0;32mI (338) heap_init: Initializing. RAM available for dynamic allocation:[0m
[0;32mI (344) heap_init: At 3FFAFF10 len 000000F0 (0 KiB): DRAM[0m
[0;32mI (349) heap_init: At 3FFB6388 len 00001C78 (7 KiB): DRAM[0m
[0;32mI (354) heap_init: At 3FFB9A20 len 00004108 (16 KiB): DRAM[0m
[0;32mI (359) heap_init: At 3FFC5348 len 0001ACB8 (107 KiB): DRAM[0m
[0;32mI (365) heap_init: At 3FFE0440 len 00003AE0 (14 KiB): D/IRAM[0m
[0;32mI (370) heap_init: At 3FFE4350 len 0001BCB0 (111 KiB): D/IRAM[0m
[0;32mI (375) heap_init: At 40097B78 len 00008488 (33 KiB): IRAM[0m
[0;33mW (382) spi_flash: Detected boya flash chip but using generic driver. For optimal functionality, enable `SPI_FLASH_SUPPORT_BOYA_CHIP` in menuconfig[0m
[0;32mI (394) spi_flash: detected chip: generic[0m
[0;32mI (397) spi_flash: flash io: dio[0m
[0;33mW (400) spi_flash: Detected size(4096k) larger than the size in the binary image header(2048k). Using the size in the binary image header.[0m
[0;32mI (413) coexist: coex firmware version: b0bcc39[0m
[0;32mI (418) main_task: Started on CPU0[0m
[0;32mI (428) main_task: Calling app_main()[0m
[0;32mI (428) APP: Starting....[0m
[0;32mI (448) BTDM_INIT: BT controller compile version [722c907][0m
[0;32mI (448) BTDM_INIT: Using main XTAL as clock source[0m
[0;32mI (448) BTDM_INIT: Bluetooth MAC: 20:43:a8:69:dd:9e[0m
[0;32mI (448) phy_init: phy_version 4861,b71b5ad,Aug  5 2025,11:16:06[0m
[0;32mI (538) phy_init: Saving new calibration data due to checksum failure or outdated calibration data, mode(0)[0m
[0;32mI (878) APP: starting GAP services initialization[0m
[0;32mI (878) APP: completed GAP service initialization[0m
[0;32mI (878) APP: config nimble host[0m
[0;32mI (878) APP: nimble host task started[0m
[0;32mI (878) main_task: Returned from app_main()[0m
